// Jest Snapshot v1, https://goo.gl/fbAQLP

exports[`Check Home Component renders correctly 1`] = `
<section
  className="home"
>
  <h2>
    Welcome to our page.
  </h2>
  <p>
    This is a page that is built to display the home page of our website.
  </p>
  <p>
    This is a page that is built to display the home page of our website.
  </p>
  <p>
    This is a page that is built to display the home page of our website.
  </p>
  <p>
    This is a page that is built to display the home page of our website.
  </p>
  <p>
    This is a page that is built to display the home page of our website.
  </p>
  <p>
    This is a page that is built to display the home page of our website.
  </p>
  <p>
    This is a page that is built to display the home page of our website.
  </p>
</section>
`;
