// Jest Snapshot v1, https://goo.gl/fbAQLP

exports[`Navbar component testing using snapshots Test Navbar component renders 1`] = `
<nav
  className="navigation"
>
  <h1
    className="text-1"
  >
    Math Magicians
  </h1>
  <ul
    className="list"
  >
    <li>
      <a
        className="nav-link"
        href="/"
        onClick={[Function]}
      >
         Home 
      </a>
    </li>
    <li>
      <a
        className="nav-link"
        href="/Calculator"
        onClick={[Function]}
      >
         Calculator 
      </a>
    </li>
    <li>
      <a
        className="nav-link"
        href="/Quotes"
        onClick={[Function]}
      >
         Quotes 
      </a>
    </li>
  </ul>
</nav>
`;
