// Jest Snapshot v1, https://goo.gl/fbAQLP

exports[`Check Quotes Component renders correctly 1`] = `
<h1
  className="quote"
>
  Mathematics isnt about numbers, equations,computations or algorithms. it is about understanding. - William Paul Thrutson
</h1>
`;
